<?xml version="1.0" encoding="utf-8"?>
<test-run id="2" testcasecount="4" result="Failed(Child)" total="4" passed="3" failed="1" inconclusive="0" skipped="0" asserts="0" engine-version="3.5.0.0" clr-version="4.0.30319.42000" start-time="2026-04-17 15:46:09Z" end-time="2026-04-17 15:46:09Z" duration="0.1454705">
  <test-suite type="TestSuite" id="1000" name="Ascended" fullname="Ascended" runstate="Runnable" testcasecount="99" result="Failed" site="Child" start-time="2026-04-17 15:46:09Z" end-time="2026-04-17 15:46:09Z" duration="0.145471" total="4" passed="3" failed="1" inconclusive="0" skipped="0" asserts="0">
    <properties>
      <property name="platform" value="EditMode" />
    </properties>
    <failure>
      <message><![CDATA[One or more child tests had errors]]></message>
    </failure>
    <test-suite type="Assembly" id="1101" name="AbilitySystemTests.dll" fullname="C:/Users/Anthony/Desktop/Ascended/Ascended/Library/ScriptAssemblies/AbilitySystemTests.dll" runstate="Runnable" testcasecount="70" result="Failed" site="Child" start-time="2026-04-17 15:46:09Z" end-time="2026-04-17 15:46:09Z" duration="0.137809" total="4" passed="3" failed="1" inconclusive="0" skipped="0" asserts="0">
      <properties>
        <property name="_PID" value="58340" />
        <property name="_APPDOMAIN" value="Unity Child Domain" />
        <property name="platform" value="EditMode" />
        <property name="EditorOnly" value="True" />
      </properties>
      <failure>
        <message><![CDATA[One or more child tests had errors]]></message>
      </failure>
      <test-suite type="TestSuite" id="1102" name="AbilitySystem" fullname="AbilitySystem" runstate="Runnable" testcasecount="70" result="Failed" site="Child" start-time="2026-04-17 15:46:09Z" end-time="2026-04-17 15:46:09Z" duration="0.136803" total="4" passed="3" failed="1" inconclusive="0" skipped="0" asserts="0">
        <properties />
        <failure>
          <message><![CDATA[One or more child tests had errors]]></message>
        </failure>
        <test-suite type="TestSuite" id="1103" name="Test" fullname="AbilitySystem.Test" runstate="Runnable" testcasecount="70" result="Failed" site="Child" start-time="2026-04-17 15:46:09Z" end-time="2026-04-17 15:46:09Z" duration="0.135993" total="4" passed="3" failed="1" inconclusive="0" skipped="0" asserts="0">
          <properties />
          <failure>
            <message><![CDATA[One or more child tests had errors]]></message>
          </failure>
          <test-suite type="TestSuite" id="1104" name="Runtime" fullname="AbilitySystem.Test.Runtime" runstate="Runnable" testcasecount="70" result="Failed" site="Child" start-time="2026-04-17 15:46:09Z" end-time="2026-04-17 15:46:09Z" duration="0.135165" total="4" passed="3" failed="1" inconclusive="0" skipped="0" asserts="0">
            <properties />
            <failure>
              <message><![CDATA[One or more child tests had errors]]></message>
            </failure>
            <test-suite type="TestSuite" id="1105" name="Networking" fullname="AbilitySystem.Test.Runtime.Networking" runstate="Runnable" testcasecount="11" result="Failed" site="Child" start-time="2026-04-17 15:46:09Z" end-time="2026-04-17 15:46:09Z" duration="0.134063" total="4" passed="3" failed="1" inconclusive="0" skipped="0" asserts="0">
              <properties />
              <failure>
                <message><![CDATA[One or more child tests had errors]]></message>
              </failure>
              <test-suite type="TestFixture" id="1020" name="ReconciliationTests" fullname="AbilitySystem.Test.Runtime.Networking.ReconciliationTests" classname="AbilitySystem.Test.Runtime.Networking.ReconciliationTests" runstate="Runnable" testcasecount="4" result="Failed" site="Child" start-time="2026-04-17 15:46:09Z" end-time="2026-04-17 15:46:09Z" duration="0.133059" total="4" passed="3" failed="1" inconclusive="0" skipped="0" asserts="0">
                <properties />
                <failure>
                  <message><![CDATA[One or more child tests had errors]]></message>
                </failure>
                <test-case id="1024" name="Reconciliation_AttributeRollback_OnDenial" fullname="AbilitySystem.Test.Runtime.Networking.ReconciliationTests.Reconciliation_AttributeRollback_OnDenial" methodname="Reconciliation_AttributeRollback_OnDenial" classname="AbilitySystem.Test.Runtime.Networking.ReconciliationTests" runstate="Runnable" seed="524587293" result="Passed" start-time="2026-04-17 15:46:09Z" end-time="2026-04-17 15:46:09Z" duration="0.106951" asserts="0">
                  <properties>
                    <property name="retryIteration" value="0" />
                    <property name="repeatIteration" value="0" />
                  </properties>
                </test-case>
                <test-case id="1023" name="Reconciliation_EffectReplacement_NoDuplicates" fullname="AbilitySystem.Test.Runtime.Networking.ReconciliationTests.Reconciliation_EffectReplacement_NoDuplicates" methodname="Reconciliation_EffectReplacement_NoDuplicates" classname="AbilitySystem.Test.Runtime.Networking.ReconciliationTests" runstate="Runnable" seed="1050734043" result="Passed" start-time="2026-04-17 15:46:09Z" end-time="2026-04-17 15:46:09Z" duration="0.003290" asserts="0">
                  <properties>
                    <property name="retryIteration" value="0" />
                    <property name="repeatIteration" value="0" />
                  </properties>
                </test-case>
                <test-case id="1022" name="Reconciliation_ServerDenial_ClientRollsBack" fullname="AbilitySystem.Test.Runtime.Networking.ReconciliationTests.Reconciliation_ServerDenial_ClientRollsBack" methodname="Reconciliation_ServerDenial_ClientRollsBack" classname="AbilitySystem.Test.Runtime.Networking.ReconciliationTests" runstate="Runnable" seed="2084956152" result="Failed" start-time="2026-04-17 15:46:09Z" end-time="2026-04-17 15:46:09Z" duration="0.006860" asserts="0">
                  <properties>
                    <property name="retryIteration" value="0" />
                    <property name="repeatIteration" value="0" />
                  </properties>
                  <failure>
                    <message><![CDATA[  Client ability should have rolled back.
  Expected: False
  But was:  True
]]></message>
                    <stack-trace><![CDATA[at AbilitySystem.Test.Runtime.Networking.ReconciliationTests.Reconciliation_ServerDenial_ClientRollsBack () [0x0009f] in C:\Users\Anthony\Desktop\Ascended\Ascended\Assets\Systems\AbilitySystem\Test\Runtime\Networking\ReconciliationTests.cs:69
]]></stack-trace>
                  </failure>
                </test-case>
                <test-case id="1021" name="Reconciliation_SuccessfulPrediction_ServerConfirms" fullname="AbilitySystem.Test.Runtime.Networking.ReconciliationTests.Reconciliation_SuccessfulPrediction_ServerConfirms" methodname="Reconciliation_SuccessfulPrediction_ServerConfirms" classname="AbilitySystem.Test.Runtime.Networking.ReconciliationTests" runstate="Runnable" seed="1659800444" result="Passed" start-time="2026-04-17 15:46:09Z" end-time="2026-04-17 15:46:09Z" duration="0.002035" asserts="0">
                  <properties>
                    <property name="retryIteration" value="0" />
                    <property name="repeatIteration" value="0" />
                  </properties>
                  <output><![CDATA[Saving results to: C:/Users/Anthony/AppData/LocalLow/DefaultCompany/Ascended\TestResults.xml
Saving results to: C:/Users/Anthony/AppData/LocalLow/DefaultCompany/Ascended\TestResults.xml
]]></output>
                </test-case>
              </test-suite>
            </test-suite>
          </test-suite>
        </test-suite>
      </test-suite>
    </test-suite>
  </test-suite>
</test-run>